// Jest Snapshot v1, https://goo.gl/fbAQLP

exports[`SearchInput render search input 1`] = `
<body>
  <div>
    <div
      class="com-search"
    >
      <input
        autocomplete="off"
        type="search"
      />
    </div>
  </div>
</body>
`;
